
G=1193000000                       sum of  ||               length     num
NG         length     index       lengths  ||                range    seqs
----- ------------ --------- ------------  ||  ------------------- -------
00010            -         -            -  ||      16827                 1|---------------------------------------------------------------
00020            -         -            -  ||
00030            -         -            -  ||
00040            -         -            -  ||
00050            -         -            -  ||
00060            -         -            -  ||
00070            -         -            -  ||
00080            -         -            -  ||
00090            -         -            -  ||
00100            -         -            -  ||
000.000x                   1        16827  ||

--------------------- --------------------- ----------------------------------------------------------------------------------------------
       mononucleotide          dinucleotide                                                                                  trinucleotide
--------------------- --------------------- ----------------------------------------------------------------------------------------------
        5221 0.3103 A        1609 0.0956 AA         488 0.0290 AAA          504 0.0300 AAC          235 0.0140 AAG          382 0.0227 AAT
        5223 0.3104 C        1499 0.0891 AC         448 0.0266 ACA          491 0.0292 ACC          135 0.0080 ACG          425 0.0253 ACT
        2385 0.1417 G         926 0.0550 AG         203 0.0121 AGA          332 0.0197 AGC          216 0.0128 AGG          175 0.0104 AGT
        3998 0.2376 T        1187 0.0705 AT         305 0.0181 ATA          397 0.0236 ATC          177 0.0105 ATG          307 0.0182 ATT
                             1560 0.0927 CA         505 0.0300 CAA          418 0.0248 CAC          253 0.0150 CAG          384 0.0228 CAT
      --GC--  --AT--         1759 0.1045 CC         525 0.0312 CCA          525 0.0312 CCC          137 0.0081 CCG          572 0.0340 CCT
      45.21%  54.79%          462 0.0275 CG         146 0.0087 CGA          133 0.0079 CGC           79 0.0047 CGG          104 0.0062 CGT
                             1442 0.0857 CT         575 0.0342 CTA          381 0.0226 CTC          191 0.0114 CTG          295 0.0175 CTT
                              734 0.0436 GA         232 0.0138 GAA          201 0.0119 GAC          152 0.0090 GAG          149 0.0089 GAT
                              732 0.0435 GC         222 0.0132 GCA          326 0.0194 GCC           43 0.0026 GCG          141 0.0084 GCT
                              463 0.0275 GG         179 0.0106 GGA          128 0.0076 GGC           72 0.0043 GGG           84 0.0050 GGT
                              456 0.0271 GT         168 0.0100 GTA          125 0.0074 GTC           61 0.0036 GTG          102 0.0061 GTT
                             1318 0.0783 TA         384 0.0228 TAA          376 0.0223 TAC          286 0.0170 TAG          272 0.0162 TAT
                             1233 0.0733 TC         365 0.0217 TCA          417 0.0248 TCC          147 0.0087 TCG          304 0.0181 TCT
                              533 0.0317 TG         206 0.0122 TGA          139 0.0083 TGC           96 0.0057 TGG           92 0.0055 TGT
                              913 0.0543 TT         270 0.0160 TTA          330 0.0196 TTC          104 0.0062 TTG          209 0.0124 TTT

