
G=1932772500                       sum of  ||               length     num
NG         length     index       lengths  ||                range    seqs
----- ------------ --------- ------------  ||  ------------------- -------
00010            -         -            -  ||      17321                 1|---------------------------------------------------------------
00020            -         -            -  ||
00030            -         -            -  ||
00040            -         -            -  ||
00050            -         -            -  ||
00060            -         -            -  ||
00070            -         -            -  ||
00080            -         -            -  ||
00090            -         -            -  ||
00100            -         -            -  ||
000.000x                   1        17321  ||

--------------------- --------------------- ----------------------------------------------------------------------------------------------
       mononucleotide          dinucleotide                                                                                  trinucleotide
--------------------- --------------------- ----------------------------------------------------------------------------------------------
        5466 0.3156 A        1847 0.1066 AA         600 0.0346 AAA          549 0.0317 AAC          192 0.0111 AAG          506 0.0292 AAT
        4482 0.2588 C        1372 0.0792 AC         436 0.0252 ACA          438 0.0253 ACC          112 0.0065 ACG          386 0.0223 ACT
        2242 0.1294 G         727 0.0420 AG         180 0.0104 AGA          265 0.0153 AGC          153 0.0088 AGG          129 0.0074 AGT
        5131 0.2962 T        1520 0.0878 AT         463 0.0267 ATA          261 0.0151 ATC          208 0.0120 ATG          587 0.0339 ATT
                             1371 0.0792 CA         480 0.0277 CAA          344 0.0199 CAC          189 0.0109 CAG          358 0.0207 CAT
      --GC--  --AT--         1422 0.0821 CC         461 0.0266 CCA          407 0.0235 CCC          111 0.0064 CCG          443 0.0256 CCT
      38.82%  61.18%          362 0.0209 CG         103 0.0059 CGA           98 0.0057 CGC           88 0.0051 CGG           73 0.0042 CGT
                             1327 0.0766 CT         426 0.0246 CTA          279 0.0161 CTC          173 0.0100 CTG          449 0.0259 CTT
                              627 0.0362 GA         233 0.0135 GAA          153 0.0088 GAC          106 0.0061 GAG          135 0.0078 GAT
                              699 0.0404 GC         185 0.0107 GCA          272 0.0157 GCC           47 0.0027 GCG          195 0.0113 GCT
                              458 0.0264 GG         126 0.0073 GGA          140 0.0081 GGC           81 0.0047 GGG          111 0.0064 GGT
                              458 0.0264 GT         137 0.0079 GTA          100 0.0058 GTC           74 0.0043 GTG          147 0.0085 GTT
                             1621 0.0936 TA         534 0.0308 TAA          326 0.0188 TAC          240 0.0139 TAG          521 0.0301 TAT
                              989 0.0571 TC         289 0.0167 TCA          305 0.0176 TCC           92 0.0053 TCG          303 0.0175 TCT
                              694 0.0401 TG         218 0.0126 TGA          196 0.0113 TGC          136 0.0079 TGG          144 0.0083 TGT
                             1826 0.1054 TT         595 0.0344 TTA          349 0.0202 TTC          239 0.0138 TTG          643 0.0371 TTT

