
G=16445                            sum of  ||               length     num
NG         length     index       lengths  ||                range    seqs
----- ------------ --------- ------------  ||  ------------------- -------
00010        16445         1        16445  ||      16445                 1|---------------------------------------------------------------
00020        16445         1        16445  ||
00030        16445         1        16445  ||
00040        16445         1        16445  ||
00050        16445         1        16445  ||
00060        16445         1        16445  ||
00070        16445         1        16445  ||
00080        16445         1        16445  ||
00090        16445         1        16445  ||
00100        16445         1        16445  ||
001.000x                   1        16445  ||

--------------------- --------------------- ----------------------------------------------------------------------------------------------
       mononucleotide          dinucleotide                                                                                  trinucleotide
--------------------- --------------------- ----------------------------------------------------------------------------------------------
        5679 0.3453 A        1889 0.1149 AA         625 0.0380 AAA          550 0.0334 AAC          244 0.0148 AAG          470 0.0286 AAT
        4406 0.2679 C        1544 0.0939 AC         563 0.0342 ACA          432 0.0263 ACC          101 0.0061 ACG          448 0.0272 ACT
        2436 0.1481 G         912 0.0555 AG         228 0.0139 AGA          308 0.0187 AGC          208 0.0126 AGG          168 0.0102 AGT
        3924 0.2386 T        1334 0.0811 AT         392 0.0238 ATA          340 0.0207 ATC          238 0.0145 ATG          363 0.0221 ATT
                             1527 0.0929 CA         538 0.0327 CAA          412 0.0251 CAC          225 0.0137 CAG          352 0.0214 CAT
      --GC--  --AT--         1287 0.0783 CC         429 0.0261 CCA          358 0.0218 CCC          117 0.0071 CCG          383 0.0233 CCT
      41.61%  58.39%          359 0.0218 CG         124 0.0075 CGA           93 0.0057 CGC           70 0.0043 CGG           72 0.0044 CGT
                             1233 0.0750 CT         515 0.0313 CTA          263 0.0160 CTC          211 0.0128 CTG          244 0.0148 CTT
                              841 0.0511 GA         266 0.0162 GAA          222 0.0135 GAC          177 0.0108 GAG          176 0.0107 GAT
                              662 0.0403 GC         221 0.0134 GCA          238 0.0145 GCC           38 0.0023 GCG          165 0.0100 GCT
                              510 0.0310 GG         214 0.0130 GGA          121 0.0074 GGC           95 0.0058 GGG           80 0.0049 GGT
                              423 0.0257 GT         176 0.0107 GTA           83 0.0050 GTC           70 0.0043 GTG           94 0.0057 GTT
                             1422 0.0865 TA         460 0.0280 TAA          360 0.0219 TAC          266 0.0162 TAG          336 0.0204 TAT
                              913 0.0555 TC         314 0.0191 TCA          259 0.0158 TCC          103 0.0063 TCG          237 0.0144 TCT
                              654 0.0398 TG         275 0.0167 TGA          140 0.0085 TGC          137 0.0083 TGG          102 0.0062 TGT
                              934 0.0568 TT         339 0.0206 TTA          227 0.0138 TTC          135 0.0082 TTG          233 0.0142 TTT

