-  GENOMIC DATA FILE SUMMARIES
-
-data-type      individual                 bytes            date        quantity           bases           reads   file
--------------- ---------------  --------------- --------------- --------------- --------------- ---------------  ----------
arima           aEleCoq1            147289308944               0      2147483648    292635383105      1937982738  species/Eleutherodactylus_coqui/aEleCoq1/genomic_data/arima/aEleCoq3_L1_S7_R1_001.fastq.gz
arima           aEleCoq1             72258330022               0      2147483648    147352547703       975844720  species/Eleutherodactylus_coqui/aEleCoq1/genomic_data/arima/aEleCoq3_L1_S7_R1_001.part_002.fastq.gz
arima           aEleCoq1            152905547348               0      2147483648    296075260276      1960763384  species/Eleutherodactylus_coqui/aEleCoq1/genomic_data/arima/aEleCoq3_L1_S7_R2_001.fastq.gz
arima           aEleCoq1             75145126384               0      2147483648    148792591227       985381433  species/Eleutherodactylus_coqui/aEleCoq1/genomic_data/arima/aEleCoq3_L1_S7_R2_001.part_002.fastq.gz
arima           aEleCoq1             74717155296               0      2147483648    148114558746       980891117  species/Eleutherodactylus_coqui/aEleCoq1/genomic_data/arima/aEleCoq3_L1_S7_R2_001_removedup.fastq.gz
pacbiohifi_bam  aEleCoq1            100211956394               0      2147483648     27094466201         1844707  species/Eleutherodactylus_coqui/aEleCoq1/genomic_data/pacbio_hifi/m54306Ue_230217_145018.hifi_reads.bam
pacbiohifi_fqgz aEleCoq1             20036106151               0      2147483648     25327951930         1692916  species/Eleutherodactylus_coqui/aEleCoq1/genomic_data/pacbio_hifi/m64330e_230203_190628.bc1010--bc1010.hifi_reads.fastq.gz
pacbiohifi_clr  aEleCoq1           1072438997291               0      2147483648    571289882233        36685433  species/Eleutherodactylus_coqui/aEleCoq1/genomic_data/pacbio_hifi/m64330e_230203_190628.subreads.bam
pacbiohifi_fqgz aEleCoq1             19569493097               0      2147483648     23350640207         1546698  species/Eleutherodactylus_coqui/aEleCoq1/genomic_data/pacbio_hifi/m64334e_230212_090627.bc1010--bc1010.hifi_reads.fastq.gz
pacbiohifi_clr  aEleCoq1           1022072383263               0      2147483648    545718573779        34175314  species/Eleutherodactylus_coqui/aEleCoq1/genomic_data/pacbio_hifi/m64334e_230212_090627.subreads.bam
pacbiohifi_bam  aEleCoq1             95923705613               0      2147483648     25276859146         1674020  species/Eleutherodactylus_coqui/aEleCoq1/genomic_data/pacbio_hifi/m64334e_230212_090627.with_5mC.bam
pacbiohifi_fqgz aEleCoq1             19628801440               0      2147483648     23089119490         1532566  species/Eleutherodactylus_coqui/aEleCoq1/genomic_data/pacbio_hifi/m64334e_230214_042547.bc1010--bc1010.hifi_reads.fastq.gz
pacbiohifi_bam  aEleCoq1             92183679155               0      2147483648     24130983182         1587631  species/Eleutherodactylus_coqui/aEleCoq1/genomic_data/pacbio_hifi/m64334e_230214_042547.demultiplex.bc1010--bc1010.bam
pacbiohifi_clr  aEleCoq1           1064839444932               0      2147483648    570748367428        32901434  species/Eleutherodactylus_coqui/aEleCoq1/genomic_data/pacbio_hifi/m64334e_230214_042547.subreads.bam
arima           aEleCoq3            147289308944               0      2147483648    292635383105      1937982738  species/Eleutherodactylus_coqui/aEleCoq3/genomic_data/arima/aEleCoq3_L1_S7_R1_001.fastq.gz
arima           aEleCoq3            152905547348               0      2147483648    296075260276      1960763384  species/Eleutherodactylus_coqui/aEleCoq3/genomic_data/arima/aEleCoq3_L1_S7_R2_001.fastq.gz
pacbiohifi_fqgz aEleCoq3             20036106151               0      2147483648     25327951930         1692916  species/Eleutherodactylus_coqui/aEleCoq3/genomic_data/pacbio_hifi/m64330e_230203_190628.bc1010--bc1010.hifi_reads.fastq.gz
pacbiohifi_fqgz aEleCoq3             19569493097               0      2147483648     23350640207         1546698  species/Eleutherodactylus_coqui/aEleCoq3/genomic_data/pacbio_hifi/m64334e_230212_090627.bc1010--bc1010.hifi_reads.fastq.gz
pacbiohifi_fqgz aEleCoq3             19628801440               0      2147483648     23089119490         1532566  species/Eleutherodactylus_coqui/aEleCoq3/genomic_data/pacbio_hifi/m64334e_230214_042547.bc1010--bc1010.hifi_reads.fastq.gz
--------------- ---------------  --------------- --------------- --------------- --------------- ---------------  ----------

-  GENOMIC DATA SCALING FACTORS
-
-datatype       individual       scaling           bases
--------------- ---------------  ------- ---------------
arima           aEleCoq1          1.9653    877948573195
arima           aEleCoq3          1.9527    586190495881
pacbiohifi_bam  aEleCoq1          0.2653    382342358119
pacbiohifi_clr  aEleCoq1          0.5342   2806565227491
pacbiohifi_fqgz aEleCoq1          1.2115    119522088294
pacbiohifi_fqgz aEleCoq3          1.2115    119522088294
--------------- ---------------  ------- ---------------
