
G=1907100000                       sum of  ||               length     num
NG         length     index       lengths  ||                range    seqs
----- ------------ --------- ------------  ||  ------------------- -------
00010            -         -            -  ||      18110                 1|---------------------------------------------------------------
00020            -         -            -  ||
00030            -         -            -  ||
00040            -         -            -  ||
00050            -         -            -  ||
00060            -         -            -  ||
00070            -         -            -  ||
00080            -         -            -  ||
00090            -         -            -  ||
00100            -         -            -  ||
000.000x                   1        18110  ||

--------------------- --------------------- ----------------------------------------------------------------------------------------------
       mononucleotide          dinucleotide                                                                                  trinucleotide
--------------------- --------------------- ----------------------------------------------------------------------------------------------
        5085 0.2808 A        1656 0.0914 AA         546 0.0302 AAA          426 0.0235 AAC          287 0.0158 AAG          397 0.0219 AAT
        5595 0.3089 C        1389 0.0767 AC         403 0.0223 ACA          495 0.0273 ACC          163 0.0090 ACG          328 0.0181 ACT
        2931 0.1618 G         890 0.0491 AG         209 0.0115 AGA          300 0.0166 AGC          194 0.0107 AGG          187 0.0103 AGT
        4499 0.2484 T        1150 0.0635 AT         359 0.0198 ATA          289 0.0160 ATC          162 0.0089 ATG          339 0.0187 ATT
                             1332 0.0736 CA         394 0.0218 CAA          433 0.0239 CAC          223 0.0123 CAG          282 0.0156 CAT
      --GC--  --AT--         2097 0.1158 CC         412 0.0228 CCA          793 0.0438 CCC          248 0.0137 CCG          644 0.0356 CCT
      47.08%  52.92%          654 0.0361 CG         159 0.0088 CGA          204 0.0113 CGC          153 0.0084 CGG          138 0.0076 CGT
                             1512 0.0835 CT         427 0.0236 CTA          424 0.0234 CTC          248 0.0137 CTG          413 0.0228 CTT
                              758 0.0419 GA         243 0.0134 GAA          221 0.0122 GAC          161 0.0089 GAG          133 0.0073 GAT
                              920 0.0508 GC         228 0.0126 GCA          413 0.0228 GCC           70 0.0039 GCG          209 0.0115 GCT
                              662 0.0366 GG         146 0.0081 GGA          225 0.0124 GGC          175 0.0097 GGG          116 0.0064 GGT
                              591 0.0326 GT         186 0.0103 GTA          168 0.0093 GTC           99 0.0055 GTG          138 0.0076 GTT
                             1339 0.0739 TA         473 0.0261 TAA          309 0.0171 TAC          219 0.0121 TAG          338 0.0187 TAT
                             1189 0.0657 TC         289 0.0160 TCA          396 0.0219 TCC          173 0.0096 TCG          331 0.0183 TCT
                              724 0.0400 TG         244 0.0135 TGA          190 0.0105 TGC          140 0.0077 TGG          150 0.0083 TGT
                             1246 0.0688 TT         367 0.0203 TTA          308 0.0170 TTC          215 0.0119 TTG          356 0.0197 TTT

