
G=1408320000                       sum of  ||               length     num
NG         length     index       lengths  ||                range    seqs
----- ------------ --------- ------------  ||  ------------------- -------
00010            -         -            -  ||      16492                 1|---------------------------------------------------------------
00020            -         -            -  ||
00030            -         -            -  ||
00040            -         -            -  ||
00050            -         -            -  ||
00060            -         -            -  ||
00070            -         -            -  ||
00080            -         -            -  ||
00090            -         -            -  ||
00100            -         -            -  ||
000.000x                   1        16492  ||

--------------------- --------------------- ----------------------------------------------------------------------------------------------
       mononucleotide          dinucleotide                                                                                  trinucleotide
--------------------- --------------------- ----------------------------------------------------------------------------------------------
        4454 0.2701 A        1364 0.0827 AA         421 0.0255 AAA          358 0.0217 AAC          267 0.0162 AAG          318 0.0193 AAT
        4827 0.2927 C        1191 0.0722 AC         329 0.0200 ACA          413 0.0250 ACC          120 0.0073 ACG          328 0.0199 ACT
        2806 0.1701 G         895 0.0543 AG         211 0.0128 AGA          296 0.0180 AGC          203 0.0123 AGG          185 0.0112 AGT
        4405 0.2671 T        1004 0.0609 AT         242 0.0147 ATA          217 0.0132 ATC          196 0.0119 ATG          349 0.0212 ATT
                             1177 0.0714 CA         361 0.0219 CAA          345 0.0209 CAC          207 0.0126 CAG          264 0.0160 CAT
      --GC--  --AT--         1711 0.1038 CC         344 0.0209 CCA          605 0.0367 CCC          196 0.0119 CCG          566 0.0343 CCT
      46.28%  53.72%          498 0.0302 CG         120 0.0073 CGA          180 0.0109 CGC           97 0.0059 CGG          101 0.0061 CGT
                             1440 0.0873 CT         369 0.0224 CTA          387 0.0235 CTC          233 0.0141 CTG          451 0.0273 CTT
                              733 0.0444 GA         224 0.0136 GAA          176 0.0107 GAC          189 0.0115 GAG          144 0.0087 GAT
                              863 0.0523 GC         238 0.0144 GCA          339 0.0206 GCC           67 0.0041 GCG          219 0.0133 GCT
                              638 0.0387 GG         150 0.0091 GGA          197 0.0119 GGC          155 0.0094 GGG          136 0.0082 GGT
                              572 0.0347 GT         156 0.0095 GTA          136 0.0082 GTC           96 0.0058 GTG          184 0.0112 GTT
                             1180 0.0716 TA         358 0.0217 TAA          312 0.0189 TAC          232 0.0141 TAG          278 0.0169 TAT
                             1062 0.0644 TC         266 0.0161 TCA          354 0.0215 TCC          115 0.0070 TCG          327 0.0198 TCT
                              774 0.0469 TG         252 0.0153 TGA          189 0.0115 TGC          183 0.0111 TGG          150 0.0091 TGT
                             1389 0.0842 TT         413 0.0250 TTA          322 0.0195 TTC          249 0.0151 TTG          405 0.0246 TTT

