-  GENOMIC DATA FILE SUMMARIES
-
-data-type      individual                 bytes            date        quantity           bases           reads   file
--------------- ---------------  --------------- --------------- --------------- --------------- ---------------  ----------
arima           bMelMel1             37397579849               0      2147483648     72835584803       485570565  species/Melospiza_melodia/bMelMel1/genomic_data/arima/bMelMel1_Song_Sparrow_R1.fastq.gz
arima           bMelMel1             38360096191               0      2147483648     72831801296       485545359  species/Melospiza_melodia/bMelMel1/genomic_data/arima/bMelMel1_Song_Sparrow_R2.fastq.gz
pacbiohifi_fqgz bMelMel1             37573916983               0      2147483648     42630718777         1848195  species/Melospiza_melodia/bMelMel1/genomic_data/pacbio_hifi/m64330e_221106_043453.bc1001--bc1001.hifi_reads.fastq.gz
arima           bMelMel2             37397579849               0      2147483648     72835584803       485570565  species/Melospiza_melodia/bMelMel2/genomic_data/arima/bMelMel1_Song_Sparrow_R1.fastq.gz
arima           bMelMel2             38360096191               0      2147483648     72831801296       485545359  species/Melospiza_melodia/bMelMel2/genomic_data/arima/bMelMel1_Song_Sparrow_R2.fastq.gz
pacbiohifi_fqgz bMelMel2             37573916983               0      2147483648     42630718777         1848195  species/Melospiza_melodia/bMelMel2/genomic_data/pacbio_hifi/m64330e_221106_043453.bc1001--bc1001.hifi_reads.fastq.gz
pacbiohifi_bam  bMelMel2             36780256293               0      2147483648     44478079666         1927950  species/Melospiza_melodia/bMelMel2/genomic_data/pacbio_hifi/m64330e_221106_043453.hifi_reads.bam
pacbiohifi_clr  bMelMel2           1375074133850               0      2147483648    742374659757        33737116  species/Melospiza_melodia/bMelMel2/genomic_data/pacbio_hifi/m64330e_221106_043453.subreads.bam
--------------- ---------------  --------------- --------------- --------------- --------------- ---------------  ----------

-  GENOMIC DATA SCALING FACTORS
-
-datatype       individual       scaling           bases
--------------- ---------------  ------- ---------------
arima           bMelMel1          1.9146    145045646546
arima           bMelMel2          1.9146    145045646546
pacbiohifi_bam  bMelMel2          1.2092     44474685909
pacbiohifi_clr  bMelMel2          0.5398    742265017452
pacbiohifi_fqgz bMelMel1          1.1345     42627608817
pacbiohifi_fqgz bMelMel2          1.1345     42627608817
--------------- ---------------  ------- ---------------
